{
    "Should run without failures": {
        "content": [
            {
                "0": [
                    "m_measures.csv:md5,d7916ba0dc2800fec0aa36fe99c6f743"
                ],
                "1": [
                    [
                        "PAIRWISE_GENE_VARIATION",
                        "python",
                        "3.12.8"
                    ]
                ],
                "2": [
                    [
                        "PAIRWISE_GENE_VARIATION",
                        "polars",
                        "1.17.1"
                    ]
                ],
                "3": [
                    [
                        "PAIRWISE_GENE_VARIATION",
                        "psutil",
                        "6.1.1"
                    ]
                ],
                "m_measures": [
                    "m_measures.csv:md5,d7916ba0dc2800fec0aa36fe99c6f743"
                ]
            }
        ],
        "meta": {
            "nf-test": "0.9.2",
            "nextflow": "24.10.3"
        },
        "timestamp": "2025-01-14T18:15:52.799105117"
    }
}