{
    "Should run without failures": {
        "content": [
            {
                "0": [
                    [
                        {
                            "dataset": "test"
                        },
                        "count.raw.cpm.dataset_stats.csv:md5,93290e92d7ac9c0abdd2d9e76a7aff6b"
                    ]
                ],
                "1": [
                    [
                        "DATASET_STATISTICS",
                        "python",
                        "3.12.8"
                    ]
                ],
                "2": [
                    [
                        "DATASET_STATISTICS",
                        "pandas",
                        "2.2.3"
                    ]
                ],
                "3": [
                    [
                        "DATASET_STATISTICS",
                        "scipy",
                        "1.15.0"
                    ]
                ],
                "4": [
                    [
                        "DATASET_STATISTICS",
                        "pyarrow",
                        "19.0.0"
                    ]
                ],
                "stats": [
                    [
                        {
                            "dataset": "test"
                        },
                        "count.raw.cpm.dataset_stats.csv:md5,93290e92d7ac9c0abdd2d9e76a7aff6b"
                    ]
                ]
            }
        ],
        "meta": {
            "nf-test": "0.9.2",
            "nextflow": "24.10.4"
        },
        "timestamp": "2025-02-08T19:39:30.385303512"
    }
}