{
    "Merge counts - filter out genes with zero counts": {
        "content": [
            {
                "0": [
                    "all_counts.parquet:md5,cc26c33868c694c06e45338c1b4d0a77"
                ],
                "1": [
                    "all_designs.csv:md5,32614fc915e7f2748f4c2f749bb688ec"
                ],
                "2": [
                    "gene_count_statistics.csv:md5,5aef723f917dfeb7212cf4ccd82f8866"
                ],
                "3": [
                    "skewness_statistics.csv:md5,5aef723f917dfeb7212cf4ccd82f8866"
                ],
                "4": [
                    "ks_test_statistics.csv:md5,fca4e42eab03c715ed58fa736a81bb50"
                ],
                "5": [
                    "candidate_gene_counts.parquet:md5,bd82490ae5db9d510090a0b271e74710"
                ],
                "6": [
                    "distribution_correlations.csv:md5,7bb8292d69a32077356b5b16afb76245"
                ],
                "7": [
                    [
                        "MERGE_DATA",
                        "python",
                        "3.12.8"
                    ]
                ],
                "8": [
                    [
                        "MERGE_DATA",
                        "polars",
                        "1.17.1"
                    ]
                ],
                "all_counts": [
                    "all_counts.parquet:md5,cc26c33868c694c06e45338c1b4d0a77"
                ],
                "all_designs": [
                    "all_designs.csv:md5,32614fc915e7f2748f4c2f749bb688ec"
                ],
                "candidate_gene_counts": [
                    "candidate_gene_counts.parquet:md5,bd82490ae5db9d510090a0b271e74710"
                ],
                "distribution_correlations": [
                    "distribution_correlations.csv:md5,7bb8292d69a32077356b5b16afb76245"
                ],
                "gene_count_statistics": [
                    "gene_count_statistics.csv:md5,5aef723f917dfeb7212cf4ccd82f8866"
                ],
                "ks_test_statistics": [
                    "ks_test_statistics.csv:md5,fca4e42eab03c715ed58fa736a81bb50"
                ],
                "skewness_statistics": [
                    "skewness_statistics.csv:md5,5aef723f917dfeb7212cf4ccd82f8866"
                ]
            }
        ],
        "meta": {
            "nf-test": "0.9.2",
            "nextflow": "24.10.6"
        },
        "timestamp": "2025-05-08T14:36:15.901788378"
    }
}