{
    "Should run without failures": {
        "content": [
            {
                "0": [
                    
                ],
                "downloaded_datasets": [
                    
                ]
            }
        ],
        "meta": {
            "nf-test": "0.9.2",
            "nextflow": "24.10.4"
        },
        "timestamp": "2025-02-03T07:28:28.410854749"
    }
}