{
    "Method standard deviation": {
        "content": [
            {
                "0": [
                    "gene_variations.csv:md5,75e14dfffdef0d13f04881ad802b3a29"
                ],
                "1": [
                    [
                        "GENE_VARIATION",
                        "python",
                        "3.12.8"
                    ]
                ],
                "2": [
                    [
                        "GENE_VARIATION",
                        "polars",
                        "1.17.1"
                    ]
                ],
                "csv": [
                    "gene_variations.csv:md5,75e14dfffdef0d13f04881ad802b3a29"
                ]
            }
        ],
        "meta": {
            "nf-test": "0.9.2",
            "nextflow": "24.10.3"
        },
        "timestamp": "2025-01-03T13:56:41.268938139"
    },
    "Method coefficient of variation": {
        "content": [
            {
                "0": [
                    "gene_variations.csv:md5,c10b715a1604d489c4dfa03aa1a9b80c"
                ],
                "1": [
                    [
                        "GENE_VARIATION",
                        "python",
                        "3.12.8"
                    ]
                ],
                "2": [
                    [
                        "GENE_VARIATION",
                        "polars",
                        "1.17.1"
                    ]
                ],
                "csv": [
                    "gene_variations.csv:md5,c10b715a1604d489c4dfa03aa1a9b80c"
                ]
            }
        ],
        "meta": {
            "nf-test": "0.9.2",
            "nextflow": "24.10.3"
        },
        "timestamp": "2025-01-03T13:56:54.967522374"
    },
    "Should run without failures": {
        "content": [
            {
                "0": [
                    "variation_coefficients.csv:md5,53c4ce914fb26c3c0c54cf9d34f99b2b"
                ],
                "1": [
                    [
                        "GENE_VARIATION",
                        "R",
                        ""
                    ]
                ],
                "csv": [
                    "variation_coefficients.csv:md5,53c4ce914fb26c3c0c54cf9d34f99b2b"
                ]
            }
        ],
        "meta": {
            "nf-test": "0.9.2",
            "nextflow": "24.10.3"
        },
        "timestamp": "2025-01-03T11:08:35.181976931"
    }
}