{
    "Should run without failures": {
        "content": [
            {
                "0": [
                    [
                        {
                            "dataset": "test"
                        },
                        "count.raw.cpm.quant_norm.parquet:md5,6c49b5fe4e23e64dbc6cad6355432b49"
                    ]
                ],
                "1": [
                    [
                        "QUANTILE_NORMALISE",
                        "python",
                        "3.12.8"
                    ]
                ],
                "2": [
                    [
                        "QUANTILE_NORMALISE",
                        "pandas",
                        "2.2.3"
                    ]
                ],
                "3": [
                    [
                        "QUANTILE_NORMALISE",
                        "scikit-learn",
                        "1.6.1"
                    ]
                ],
                "4": [
                    [
                        "QUANTILE_NORMALISE",
                        "pyarrow",
                        "19.0.0"
                    ]
                ],
                "counts": [
                    [
                        {
                            "dataset": "test"
                        },
                        "count.raw.cpm.quant_norm.parquet:md5,6c49b5fe4e23e64dbc6cad6355432b49"
                    ]
                ]
            }
        ],
        "meta": {
            "nf-test": "0.9.2",
            "nextflow": "24.10.6"
        },
        "timestamp": "2025-05-08T14:38:27.184977502"
    }
}