{
    "[\"solanum_tuberosum\", [null]": {
        "content": [
            {
                "0": [
                    "accessions.csv:md5,dad63ac7a1715277fa44567bc40b5872"
                ],
                "1": [
                    [
                        "EXPRESSIONATLAS_GETACCESSIONS",
                        "python",
                        "Python 3.13.0"
                    ]
                ],
                "2": [
                    [
                        "EXPRESSIONATLAS_GETACCESSIONS",
                        "requests",
                        "2.32.3"
                    ]
                ],
                "3": [
                    [
                        "EXPRESSIONATLAS_GETACCESSIONS",
                        "nltk",
                        "3.9.1"
                    ]
                ],
                "csv": [
                    "accessions.csv:md5,dad63ac7a1715277fa44567bc40b5872"
                ]
            }
        ],
        "meta": {
            "nf-test": "0.9.0",
            "nextflow": "24.04.4"
        },
        "timestamp": "2024-10-17T00:26:46.488292622"
    },
    "[\"solanum_tuberosum\", [\"potato\", \"phloem\"]]": {
        "content": [
            {
                "0": [
                    "accessions.txt:md5,dad63ac7a1715277fa44567bc40b5872"
                ],
                "1": [
                    [
                        "EXPRESSIONATLAS_GETACCESSIONS",
                        "python",
                        "Python 3.13.0"
                    ]
                ],
                "2": [
                    [
                        "EXPRESSIONATLAS_GETACCESSIONS",
                        "requests",
                        "2.32.3"
                    ]
                ],
                "3": [
                    [
                        "EXPRESSIONATLAS_GETACCESSIONS",
                        "nltk",
                        "3.9.1"
                    ]
                ],
                "txt": [
                    "accessions.txt:md5,dad63ac7a1715277fa44567bc40b5872"
                ]
            }
        ],
        "meta": {
            "nf-test": "0.9.0",
            "nextflow": "24.04.4"
        },
        "timestamp": "2024-11-26T05:57:18.83875097"
    },
    "Solanum tuberosum no keyword": {
        "content": [
            {
                "0": [
                    "accessions.txt:md5,dad63ac7a1715277fa44567bc40b5872"
                ],
                "1": [
                    [
                        "EXPRESSIONATLAS_GETACCESSIONS",
                        "python",
                        "3.12.8"
                    ]
                ],
                "2": [
                    [
                        "EXPRESSIONATLAS_GETACCESSIONS",
                        "requests",
                        "2.32.3"
                    ]
                ],
                "3": [
                    [
                        "EXPRESSIONATLAS_GETACCESSIONS",
                        "nltk",
                        "3.9.1"
                    ]
                ],
                "txt": [
                    "accessions.txt:md5,dad63ac7a1715277fa44567bc40b5872"
                ]
            }
        ],
        "meta": {
            "nf-test": "0.9.2",
            "nextflow": "24.10.3"
        },
        "timestamp": "2025-01-01T14:25:08.425684541"
    },
    "[\"solanum_tuberosum\", [\"potato\", \"phloem\"]": {
        "content": [
            {
                "0": [
                    "accessions.csv:md5,dad63ac7a1715277fa44567bc40b5872"
                ],
                "1": [
                    [
                        "EXPRESSIONATLAS_GETACCESSIONS",
                        "python",
                        "Python 3.13.0"
                    ]
                ],
                "2": [
                    [
                        "EXPRESSIONATLAS_GETACCESSIONS",
                        "requests",
                        "2.32.3"
                    ]
                ],
                "3": [
                    [
                        "EXPRESSIONATLAS_GETACCESSIONS",
                        "nltk",
                        "3.9.1"
                    ]
                ],
                "csv": [
                    "accessions.csv:md5,dad63ac7a1715277fa44567bc40b5872"
                ]
            }
        ],
        "meta": {
            "nf-test": "0.9.0",
            "nextflow": "24.04.4"
        },
        "timestamp": "2024-10-17T00:26:09.77988473"
    },
    "[\"solanum_tuberosum\", \"potato,phloem\"]": {
        "content": [
            {
                "0": [
                    "accessions.txt:md5,dad63ac7a1715277fa44567bc40b5872"
                ],
                "1": [
                    [
                        "EXPRESSIONATLAS_GETACCESSIONS",
                        "python",
                        "3.13.0"
                    ]
                ],
                "2": [
                    [
                        "EXPRESSIONATLAS_GETACCESSIONS",
                        "requests",
                        "2.32.3"
                    ]
                ],
                "3": [
                    [
                        "EXPRESSIONATLAS_GETACCESSIONS",
                        "nltk",
                        "3.9.1"
                    ]
                ],
                "txt": [
                    "accessions.txt:md5,dad63ac7a1715277fa44567bc40b5872"
                ]
            }
        ],
        "meta": {
            "nf-test": "0.9.2",
            "nextflow": "24.10.3"
        },
        "timestamp": "2024-12-29T12:37:33.063824"
    },
    "[\"solanum_tuberosum\", null]": {
        "content": [
            {
                "0": [
                    "accessions.txt:md5,dad63ac7a1715277fa44567bc40b5872"
                ],
                "1": [
                    [
                        "EXPRESSIONATLAS_GETACCESSIONS",
                        "python",
                        "3.13.0"
                    ]
                ],
                "2": [
                    [
                        "EXPRESSIONATLAS_GETACCESSIONS",
                        "requests",
                        "2.32.3"
                    ]
                ],
                "3": [
                    [
                        "EXPRESSIONATLAS_GETACCESSIONS",
                        "nltk",
                        "3.9.1"
                    ]
                ],
                "txt": [
                    "accessions.txt:md5,dad63ac7a1715277fa44567bc40b5872"
                ]
            }
        ],
        "meta": {
            "nf-test": "0.9.2",
            "nextflow": "24.10.3"
        },
        "timestamp": "2024-12-29T12:37:53.879594"
    },
    "[\"solanum_tuberosum\", [\"potato\"]]": {
        "content": [
            {
                "0": [
                    "accessions.txt:md5,dad63ac7a1715277fa44567bc40b5872"
                ],
                "1": [
                    [
                        "EXPRESSIONATLAS_GETACCESSIONS",
                        "python",
                        "3.13.0"
                    ]
                ],
                "2": [
                    [
                        "EXPRESSIONATLAS_GETACCESSIONS",
                        "requests",
                        "2.32.3"
                    ]
                ],
                "3": [
                    [
                        "EXPRESSIONATLAS_GETACCESSIONS",
                        "nltk",
                        "3.9.1"
                    ]
                ],
                "txt": [
                    "accessions.txt:md5,dad63ac7a1715277fa44567bc40b5872"
                ]
            }
        ],
        "meta": {
            "nf-test": "0.9.2",
            "nextflow": "24.10.3"
        },
        "timestamp": "2024-12-29T12:37:00.096237"
    },
    "Should run without failures": {
        "content": [
            {
                "0": [
                    "accessions.csv:md5,dad63ac7a1715277fa44567bc40b5872"
                ],
                "accession": [
                    "accessions.csv:md5,dad63ac7a1715277fa44567bc40b5872"
                ]
            }
        ],
        "meta": {
            "nf-test": "0.9.0",
            "nextflow": "24.04.4"
        },
        "timestamp": "2024-10-14T18:18:45.473497815"
    },
    "Solanum tuberosum one keyword": {
        "content": [
            {
                "0": [
                    "accessions.txt:md5,dad63ac7a1715277fa44567bc40b5872"
                ],
                "1": [
                    [
                        "EXPRESSIONATLAS_GETACCESSIONS",
                        "python",
                        "3.12.8"
                    ]
                ],
                "2": [
                    [
                        "EXPRESSIONATLAS_GETACCESSIONS",
                        "requests",
                        "2.32.3"
                    ]
                ],
                "3": [
                    [
                        "EXPRESSIONATLAS_GETACCESSIONS",
                        "nltk",
                        "3.9.1"
                    ]
                ],
                "txt": [
                    "accessions.txt:md5,dad63ac7a1715277fa44567bc40b5872"
                ]
            }
        ],
        "meta": {
            "nf-test": "0.9.2",
            "nextflow": "24.10.3"
        },
        "timestamp": "2025-01-01T14:23:43.573176854"
    },
    "Solanum tuberosum two keywords": {
        "content": [
            {
                "0": [
                    "accessions.txt:md5,dad63ac7a1715277fa44567bc40b5872"
                ],
                "1": [
                    [
                        "EXPRESSIONATLAS_GETACCESSIONS",
                        "python",
                        "3.12.8"
                    ]
                ],
                "2": [
                    [
                        "EXPRESSIONATLAS_GETACCESSIONS",
                        "requests",
                        "2.32.3"
                    ]
                ],
                "3": [
                    [
                        "EXPRESSIONATLAS_GETACCESSIONS",
                        "nltk",
                        "3.9.1"
                    ]
                ],
                "txt": [
                    "accessions.txt:md5,dad63ac7a1715277fa44567bc40b5872"
                ]
            }
        ],
        "meta": {
            "nf-test": "0.9.2",
            "nextflow": "24.10.3"
        },
        "timestamp": "2025-01-01T14:24:29.42124266"
    }
}