{
    "Should run without failures": {
        "content": [
            {
                "0": [
                    "m_measures.csv:md5,40c21df8bc352ec1b76974c35df6be7b"
                ],
                "m_measures": [
                    "m_measures.csv:md5,40c21df8bc352ec1b76974c35df6be7b"
                ]
            }
        ],
        "meta": {
            "nf-test": "0.9.2",
            "nextflow": "24.10.3"
        },
        "timestamp": "2025-01-19T14:42:25.315532878"
    }
}