{
    "Should run without failures": {
        "content": [
            {
                "0": [
                    "merged.csv:md5,d8e0472f9704eaf615052ae68f9544e8"
                ],
                "1": [
                    [
                        "MERGE_COUNTS",
                        "python",
                        "3.12.8"
                    ]
                ],
                "2": [
                    [
                        "MERGE_COUNTS",
                        "pandas",
                        "2.2.3"
                    ]
                ],
                "merged": [
                    "merged.csv:md5,d8e0472f9704eaf615052ae68f9544e8"
                ]
            }
        ],
        "meta": {
            "nf-test": "0.9.2",
            "nextflow": "24.10.3"
        },
        "timestamp": "2025-01-02T13:30:33.87202502"
    }
}